---
source: crates/mergeiq-core/tests/golden.rs
expression: summary
---
{
  "dominant_eol": "Lf",
  "encoding": "Utf8",
  "chunk_count": 1,
  "chunks": [
    {
      "kind": "BothSame",
      "base": [
        1,
        2
      ],
      "ours": [
        1,
        2
      ],
      "theirs": [
        1,
        2
      ]
    }
  ]
}
